[[1, 1], [1, nil]]
[[1, 1, 1], [1, 1, nil], [1, nil, 1], [1, nil, nil], [2, 1, 1], [2, 1, nil], [2, nil, 1], [2, nil, nil]]
[1, 1]
[1, nil]
TypeError: no implicit conversion of String into Array
TypeError: no implicit conversion of String into Array
TypeError: no implicit conversion of nil into Array
[[1.5, 1], [1.5, nil]]
[["x", 1], ["x", nil]]
[[1, 1], [1, 1]]
