:v1
70
[[1, "x"], [2, :s], [3, 7]]
[[1, "s"], [1, 5], [1, {k: "x"}]]
[[1, "s"], [1, nil], [1, {k: "x"}]]
[[nil], [1]]
[[1, "s"], [1, "s"], [nil, 5], [1, 2]]
[[1, [], "s"], [1, ["s"], :t], [nil, [], nil], [1, [2], 3]]
[[1, nil], ["s", 2]]
[[1, {k: 1}], ["s", 2]]
[1, 2]
[[1, "s"], [2, nil]]
[[1, "s"], [2]]
[[1, 5], ["s", 6]]
[1, "s"]
[1, 2]
[:v1]
[1, []]
[[1, 0], ["s", 2]]
[1, nil, "x"]
[1, "s", 1]
[1, nil, 1]
[1, "s"]
[true, false]
[true, nil]
[:x, :y]
[:z, nil]
[1, 0]
[1, "x"]
[[1, "s"], ["t", nil]]
[1, 2]
[1, [2]]
