[[], [1], {z: 2}]
[[1], nil, {z: 2}]
[[1], nil, {}]
[[1], nil, 0]
[[1], 5, {}]
[[1], nil]
[[1], []]
[1, nil]
1
[5, [1, 2], {z: 3}]
[[1, 2], {z: 3}]
[[1, 2], [], {}]
[[1, 2], nil, {z: 3}]
[[], [1, 2], {}]
[1, 2]
[1, 2, {}]
[1, "d2"]
[1, 2, 3]
[1, [2], 3]
[1, 2]
[5, 4]
[1, 2]
[1, 2]
[1, 5, 2]
[[], [1], {z: 2}]
[[], [1], {}]
[[1], nil, {z: 2}]
[[1, 2], nil, {}]
[1, 2, {}]
[1, 2]
[[1, 2], {z: 2}]
[[1, 2], []]
[[1, 2], nil, 0]
[1, 2, 0]
[5, [1, 2], {z: 3}]
[1, 2, 3]
[1, "s"]
[1, [], 2, nil]
[1, 7, [], 2]
[1, 2, [3, 4], 5]
[:x, :y, :z, :w]
[1, 2, :x, nil]
[1, 2, 3, 0]
[1, 2, {}]
[[1, 2], 5, {z: 3}]
[1, 5, 2]
[1, 5, 2]
[1, 5, [], 2]
[1, 2, [3], 4]
[1, 2, 3]
[1, [2, 3]]
[1, 2, {}]
[1, [2]]
[[1, 2], nil, {z: 3}]
[1, 2, {}]
[1, 2]
[1, 5, 2]
