[[:abc, 10]]
[[:zz, "x"]]
[["abc", 10]]
[["zz", "x"]]
[[1, 10]]
[["zz", "x"]]
[1]
[2]
[3]
[[:abc, 10]]
[[:zz, "x"]]
[[:abc, 10], 0]
[[:zz, "x"], 1]
[[[:abc, 10]], [[:zz, "x"]]]
1
1
Array
Array
[[[:abc, 10]], [[:zz, "x"]]]
[[:abc, 10]]
[[:abc, 10]]
[[:zz, "x"]]
[[:zz, "x"]]
[[:abc, 10]]
[[[1, "a"]], [[2, "b"]]]
[[1, "a"]]
[[2, "b"]]
[1, 2]
[3]
[]
[[1, 2], [3], []]
[[:a, 1]]
[["q", 1]]
