1
["A", 101]
["y?", "w"]
0
["B", 101]
2
["C", 101]
["t", 101]
1
["D", 101]
7
["E", 101]
["I", 101]
[["L", 101], 9]
["q", 1]
[["M", 101], 1]
["b", 1]
[["N", 101], 5]
["n", 1]
[["O", 101], 6]
["o", 1]
1
["q", 1]
[["R", 101], 1]
["R", 101]
[["S", 101], 7]
["l", 1]
[[["I", 101], 8], ["j", 1]]
[[["I", 101], 3], ["m", 1]]
[["T", 101], 9]
["q", 1]
[["U", 101], 1]
["q", 1]
[["V", 101], 1]
["q", 1]
[[["W", 101], 8], ["j", 1]]
[[["X", 101], 2], ["j", 1]]
["F", 101]
["F", 101]
["G", 101]
["G", 101]
["H", 101]
["H", 101]
["J", 101]
["J", 101]
["K", 101]
["K", 101]
15750
