[1, 2]
["a", "b"]
["a", "b"]
[1, 2]
["a", "c"]
["a", "c"]
li 1
ls 2
[1, "s2"]
[1, 2, 3, 4]
li 1
ls 9
[1, "s9"]
li 1
ls 9
[1, "s9"]
[:c, 1, 2]
[1, 2]
[1, 2]
[1, 2]
[:c, [1, 2]]
[:e, [1, 2]]
["a", "c"]
{a: "a", b: "c"}
li 1
ls 2
[1, "s2"]
li 1
ls 2
{a: "s2", b: 1}
"z"
[2, 2]
[6, 3, 5]
[6, 6]
[1, 7, 7]
[8, 8]
[:c, 9, 9]
[1, 10, 10]
[:g, 11, 11]
[12, 12]
li 2
[1, 2]
li 4
[1, 4]
li 5
ls 9
[5, "s9"]
[["h0", 7], ["h0", 1], ["h1", 7], ["h0", 7], "h1"]
