7
1
:yes
nil
5
[1, 2]
UncaughtThrowError
UncaughtThrowError
UncaughtThrowError
UncaughtThrowError
UncaughtThrowError
UncaughtThrowError
UncaughtThrowError
UncaughtThrowError
UncaughtThrowError
:inner_miss
:out
6
20
:t
:f
:y
:flag
:call
"nil"
"false"
"true"
":s"
"3"
"\"str\""
UncaughtThrowError
:own
[:ensure]
:t
:n
:f
UncaughtThrowError
UncaughtThrowError
UncaughtThrowError
UncaughtThrowError
UncaughtThrowError
UncaughtThrowError
=......
.=.....
..=....
...=...
....=..
.....=.
......=
:v
:v
:lit
:lit2
