3
3
4
5
16
16
16
["a", "b", "c", "d", "e", "f", "g"]
7
100
"sub"
"sub"
102
1
7
7
"filled"
false
42
"left"
"right"
1
2
"class variable"
3
4
true
[:@@r]
{a: "x", b: "bb"}
:b
1
2
2
3
3
[900, 901, 902, 903, 904]
"str"
[5, 6]
{a: 1}
[]
{"x" => 2}
["x"]
{"x" => 2, "y" => 3}
1
"sub"
"sub"
1
10
11
"str"
"str"
[1, 2, "str", 3.5]
[:@@b, :@@c, :@@d, :@@a]
"start-more"
[1, 2, 3, 4]
{"k" => [1, 9], "j" => [2, 3]}
"swapped-4"
[10, 20, 30, 40]
{"n" => ["k", "j"]}
[20, 20, 20]
