(-0.0).divmod(1.0) => [0, -0.0]
0.0.divmod(-1.0) => [0, 0.0]
(-0.0).divmod(-1.0) => [0, -0.0]
(-4.0).divmod(2.0) => [-2, -0.0]
(-4.0).divmod(2) => [-2, -0.0]
(-1.5).divmod(1/2r) => [-3, -0.0]
1.0.divmod(0.1) => [9, 0.09999999999999995]
1.0.divmod(1/10r) => [9, 0.09999999999999995]
nan.divmod(0.0) => ZeroDivisionError
nan.divmod(0) => ZeroDivisionError
1.0.divmod(nan) => FloatDomainError
inf.divmod(1.0) => FloatDomainError
(-1.0).divmod(inf) => [-1, Infinity]
-4.divmod(2.0) => [-2, -0.0]
0.divmod(nan) => FloatDomainError
0.divmod(0.0) => ZeroDivisionError
-4.modulo(2.0) => -0.0
4.modulo(0.0) => ZeroDivisionError
1.modulo(0.1) => 0.09999999999999995
-1.modulo(inf) => Infinity
(-1.5).modulo(1/2r) => -0.0
(-(2**64)).divmod(3.0) => [-6148914691236516864, 2.0]
(2**64).divmod(nan) => FloatDomainError
x.divmod(y) => [-2, -0.0]
x.modulo(y) => -0.0
a[0].divmod(1.0) => [0, -0.0]
a[3].divmod(0.0) => ZeroDivisionError
a[1].divmod(a[3]) => FloatDomainError
a[4].divmod(1.0) => [100000000000000000000, 0.0]
(a[1] * -4.0).divmod(2.0) => [-2, -0.0]
a[1].divmod(0.1) => [9, 0.09999999999999995]
