"v0"
[0, 1]
{0 => 0}
0
"lit"
"v1"
[1, 2]
{1 => 2}
1
"lit"
"v2"
[2, 3]
{2 => 4}
2
"lit"
"v3"
[3, 4]
{3 => 6}
3
"lit"
"v4"
[4, 5]
{4 => 8}
4
"lit"
"v5"
[5, 6]
{5 => 10}
5
"lit"
"v6"
[6, 7]
{6 => 12}
6
"lit"
"v7"
[7, 8]
{7 => 14}
7
"lit"
"v8"
[8, 9]
{8 => 16}
8
"lit"
"v9"
[9, 10]
{9 => 18}
9
"lit"
["u0u0", "U0", "0u"]
["u1u1", "U1", "1u"]
["u2u2", "U2", "2u"]
["u3u3", "U3", "3u"]
["u4u4", "U4", "4u"]
["u5u5", "U5", "5u"]
