[0, 1, {"a" => 1, "b" => 2}]
[1, nil, {1 => "x", 2 => "y"}]
[2, nil, {"a" => "x", "b" => "y"}]
[3, 30, {3 => 30}]
[4, 3, {a: 3, b: 2}]
[5, :w, {"a" => :w, "b" => "x"}]
[6, "a", {1 => "a", "b" => 2}]
[7, :raised, KeyError]
[8, :d, {1 => 10, 2 => 20}]
[9, ["z"], {"a" => 1, "b" => 2}]
[10, "x", {1 => "x", 2 => "y"}]
[11, "x", {"a" => "x", "b" => "y"}]
[12, nil, {}]
[13, :a, {a: 1, b: 2}]
[14, nil, {"a" => 1, "b" => "x"}]
[15, true, {1 => "a", "b" => 2}]
[16, false, {"a" => 1, "b" => 2}]
[17, true, {1 => 10, 2 => 20}]
[18, true, {"a" => 1, "b" => 2}]
[19, false, {1 => "x", 2 => "y"}]
[20, true, {"a" => "x", "b" => "y"}]
[21, false, {}]
[22, true, {a: 1, b: 2}]
[23, ["a", "b"], {"a" => 1, "b" => "x"}]
[24, ["a", 2], {1 => "a", "b" => 2}]
[25, [1, nil], {"a" => 1, "b" => 2}]
[26, [10], {1 => 10, 2 => 20}]
[27, :raised, KeyError]
[28, [0], {1 => "x", 2 => "y"}]
[29, 2, {"a" => "x", "b" => "y"}]
[30, 0, {}]
[31, false, {a: 1, b: 2}]
[32, 2, {"a" => 1, "b" => "x"}]
[33, 1, {1 => "a", "b" => 2}]
[34, 1, {"b" => 2}]
[35, nil, {1 => 10, 2 => 20}]
[36, [:nf, :z], {a: 1, b: 2}]
[37, {2 => "y"}, {2 => "y"}]
[38, {"a" => "x"}, {"a" => "x"}]
[39, nil, {}]
[40, nil, {a: 1, b: 2}]
[41, {"a" => 1}, {"a" => 1}]
[42, {"b" => 2}, {"b" => 2}]
[43, {"a" => 1}, {"a" => 1, "b" => 2}]
[44, {1 => 10}, {1 => 10, 2 => 20}]
[45, {"b" => 2}, {"a" => 1, "b" => 2}]
[46, {1 => "x", 2 => "y"}, {1 => "x", 2 => "y"}]
[47, {"a" => "x", "b" => "y"}, {"a" => "x", "b" => "y"}]
[48, {}, {}]
[49, {a: 1, b: 2}, {a: 1, b: 2}]
[50, {"a" => 1, "b" => "x"}, {"a" => 1, "b" => "x"}]
[51, [[1, "a"], ["b", 2]], {1 => "a", "b" => 2}]
[52, ["a", "b"], {"a" => 1, "b" => 2}]
[53, [[[1, 10], 0], [[2, 20], 1]], {1 => 10, 2 => 20}]
[54, {"a" => 1, "b" => 2}, {"a" => 1, "b" => 2}]
[55, [1, 2], {1 => "x", 2 => "y"}]
[56, [["a", "x"], ["b", "y"]], {"a" => "x", "b" => "y"}]
[57, [], {}]
[58, [:a, :b], {a: 1, b: 2}]
[59, ["a"], {"a" => 1, "b" => "x"}]
[60, [[1, "a"], ["b", 2]], {1 => "a", "b" => 2}]
[61, [["a", 1], ["b", 2]], {"a" => 1, "b" => 2}]
[62, {1 => 10, 2 => 20}, {1 => 10, 2 => 20}]
[63, {1 => "a", 2 => "b"}, {"a" => 1, "b" => 2}]
[64, {1 => "x", 2 => "y"}, {1 => "x", 2 => "y"}]
[65, [["a", "x"], ["b", "y"]], {"a" => "x", "b" => "y"}]
[66, nil, {}]
[67, [:b, 2], {a: 1, b: 2}]
[68, 2, {"a" => 1, "b" => "x"}]
[69, [1, "a"], {1 => "a", "b" => 2}]
[70, nil, {"a" => 1, "b" => 2}]
[71, true, {1 => 10, 2 => 20}]
[72, true, {"a" => 1, "b" => 2}]
[73, true, {1 => "x", 2 => "y"}]
[74, true, {"a" => "x", "b" => "y"}]
[75, false, {}]
[76, {Integer => [[:a, 1], [:b, 2]]}, {a: 1, b: 2}]
[77, [[["a", 1]], [["b", "x"]]], {"a" => 1, "b" => "x"}]
[78, 2, {1 => "a", "b" => 2}]
[79, ["a", 1, "b", 2], {"a" => 1, "b" => 2}]
[80, [[1, 10], [2, 20]], {1 => 10, 2 => 20}]
[81, [["a", 1], ["b", 2]], {"a" => 1, "b" => 2}]
[82, [1, "x"], {1 => "x", 2 => "y"}]
[83, [["a", "x"]], {"a" => "x", "b" => "y"}]
[84, [], {}]
[85, [[:b, 2]], {a: 1, b: 2}]
[86, [[["a", 1], 1], [["b", "x"], nil]], {"a" => 1, "b" => "x"}]
[87, {[1, "a"] => 1, ["b", 2] => 1}, {1 => "a", "b" => 2}]
[88, [["a", 1], ["b", 2]], {"a" => 1, "b" => 2}]
[89, [[[1, 10]], [[2, 20]]], {1 => 10, 2 => 20}]
[90, [["a", 1], ["b", 2]], {"a" => 1, "b" => 2}]
[91, {1 => "x", 2 => "y", 3 => "w"}, {1 => "x", 2 => "y"}]
[92, {"a" => ["x", "w"], "b" => "y"}, {"a" => "x", "b" => "y"}]
[93, {}, {}]
[94, {a: 1, b: 2, c: 3}, {a: 1, b: 2}]
[95, {"a" => 1, "b" => "x", 9.5 => 1}, {"a" => 1, "b" => "x"}]
[96, {1 => "a", "b" => 2, c: 3.5}, {1 => "a", "b" => 2, c: 3.5}]
[97, {"a" => 3, "b" => 2}, {"a" => 3, "b" => 2}]
[98, {3 => 30}, {3 => 30}]
[99, {}, {}]
[100, {"x" => 1, "y" => 2}, {1 => "x", 2 => "y"}]
[101, {"a" => "x", "b" => "y"}, {"a" => "x", "b" => "y"}]
[102, {}, {}]
[103, {"a" => 1, "b" => 2}, {a: 1, b: 2}]
[104, {"c" => 1, "b" => "x"}, {"a" => 1, "b" => "x"}]
[105, {1 => "a", "b" => 2}, {1 => "a", "b" => 2}]
[106, {"a" => 1, "b" => 2}, {"a" => 1, "b" => 2}]
[107, {1 => "10", 2 => "20"}, {1 => "10", 2 => "20"}]
[108, {"a" => 1, "b" => 2}, {"a" => 1, "b" => 2}]
[109, nil, {a: 1, b: 2}]
[110, {"a" => "x"}, {"a" => "x", "b" => "y"}]
[111, {}, {}]
[112, {b: 2}, {a: 1, b: 2}]
[113, {"a" => 1, "b" => "x"}, {"a" => 1, "b" => "x"}]
[114, [1, "a"], {1 => "a", "b" => 2}]
[115, nil, {"a" => 1, "b" => 2}]
[116, [1, 10], {1 => 10, 2 => 20}]
[117, ["a", 1, "b", 2], {"a" => 1, "b" => 2}]
[118, [1, "x", 2, "y"], {1 => "x", 2 => "y"}]
[119, nil, {"a" => "x", "b" => "y"}]
[120, nil, {}]
[121, true, {a: 1, b: 2}]
[122, :w, {"a" => 1, "b" => "x"}]
[123, false, {1 => 10, 2 => 20}]
[124, ["a", 1], {"b" => 2}]
[125, {1 => "x", 2 => "y"}, {1 => "x", 2 => "y"}]
[126, "x", {"a" => "x", "b" => "y"}]
[127, nil, {}]
[128, true, {a: 1, b: 2}]
[129, false, {"a" => 1, "b" => "x"}]
[130, false, {1 => "a", "b" => 2}]
[131, true, {"a" => 1, "b" => 2}]
[132, true, {1 => 10, 2 => 20}]
[133, false, {"a" => 1, "b" => 2}]
[134, true, {1 => "x", 2 => "y"}]
[135, true, {"a" => "x", "b" => "y"}]
[136, false, {}]
[137, true, {a: 1, b: 2}]
[138, "{\"a\" => 1, \"b\" => \"x\"}", {"a" => 1, "b" => "x"}]
[139, "{1 => \"a\", \"b\" => 2}", {1 => "a", "b" => 2}]
[140, {"a" => 1, "b" => 2}, {"a" => 1, "b" => 2}]
[141, false, {1 => 10, 2 => 20}]
[142, :raised, FrozenError]
[143, false, {1 => "x", 2 => "y"}]
[144, {"a" => "x", "b" => "y"}, {"a" => "x", "b" => "y"}]
[145, {}, {}]
[146, {a: 1, b: 2}, {a: 1, b: 2}]
[147, ["a", "b"], {"a" => 1, "b" => "x"}]
[148, Hash, {1 => "a", "b" => 2}]
[149, false, {"a" => 1, "b" => 2}]
[150, true, {1 => 10, 2 => 20}]
[151, true, {"a" => 1, "b" => 2}]
[152, true, {1 => "x", 2 => "y"}]
[153, {"a" => "x", "b" => "y"}, {"a" => "x", "b" => "y"}]
[154, {}, {}]
[155, 2, {a: 1, b: 2}]
[156, 2, {"a" => 1, "b" => "x"}]
[157, [1, "b"], {1 => "a", "b" => 2}]
[158, ["a", "b"], {"a" => 1, "b" => 2}]
[159, [], {1 => 10, 2 => 20}]
[160, true, {"a" => 1, "b" => 2}]
[161, :raised, NoMethodError]
[162, false, {"a" => "x", "b" => "y"}]
[163, [], {}]
[164, [:a, :b], {a: 1, b: 2}]
[165, ["1", "x"], {"a" => 1, "b" => "x"}]
[166, {"b" => 2, 1 => "a"}, {1 => "a", "b" => 2}]
[167, ["a", "b"], {"a" => 1, "b" => 2}]
[168, [[1, 10], [2, 20]], {1 => 10, 2 => 20}]
[169, ["a", 1], {"a" => 1, "b" => 2}]
[170, [[1, "x"], [2, "y"]], {1 => "x", 2 => "y"}]
[171, {"a" => "x", "b" => "y"}, {"a" => "x", "b" => "y"}]
[172, {}, {}]
[173, false, {a: 1, b: 2}]
[174, :ne, {"a" => 1, "b" => "x"}]
[175, false, {1 => "a", "b" => 2}]
[176, :raised, TypeError]
[177, Integer, {1 => 10, 2 => 20}]
[178, Integer, {"a" => 1, "b" => 2}]
[179, NilClass, {1 => "x", 2 => "y"}]
[180, "x", {"a" => "x", "b" => "y"}]
[181, 30, {9 => 30}]
[182, {a: 1, b: 2, z: 3}, {a: 1, b: 2, z: 3}]
[183, 0, {"a" => 1, "b" => "x"}]
[184, 0, {1 => "a", "b" => 2}]
