[0, 1]
[1, 5]
[2, 1]
[3, :raised, TypeError]
[4, :raised, TypeError]
[5, "e"]
[6, :raised, RangeError]
[7, nil]
[8, 2.5]
[9, [1, 5]]
[10, :raised, RangeError]
[11, :raised, RangeError]
[12, :raised, TypeError]
[13, :raised, TypeError]
[14, nil]
[15, 0]
[16, 0]
[17, :raised, TypeError]
[18, [1, 2, 3, 4, 5]]
[19, :raised, TypeError]
[20, :raised, RangeError]
[21, :raised, TypeError]
[22, :raised, TypeError]
[23, ["e", "d"]]
[24, 5..1]
[25, []]
[26, [1, 3, 5]]
[27, 1..5]
[28, [1, 3, 5]]
[29, :raised, ArgumentError]
[30, []]
[31, true]
[32, false]
[33, :raised, TypeError]
[34, false]
[35, false]
[36, true]
[37, false]
[38, true]
[39, false]
[40, false]
[41, false]
[42, false]
[43, false]
[44, false]
[45, true]
[46, false]
[47, true]
[48, false]
[49, true]
[50, false]
[51, "\"a\".."]
[52, "5..1"]
[53, true]
[54, false]
[55, 3]
[56, :raised, TypeError]
[57, :raised, TypeError]
[58, :raised, TypeError]
[59, ["c"]]
[60, []]
[61, []]
[62, :raised, TypeError]
[63, [1, 2, 3, 4, 5]]
[64, :raised, TypeError]
[65, :raised, TypeError]
[66, :raised, TypeError]
[67, :raised, TypeError]
[68, 2]
[69, ["a", "b"]]
[70, []]
[71, :raised, TypeError]
[72, [3, 4, 5]]
[73, :raised, TypeError]
[74, :raised, TypeError]
[75, :raised, TypeError]
[76, :raised, TypeError]
[77, {"a" => ["a"], "b" => ["b"], "c" => ["c"], "d" => ["d"], "e" => ["e"]}]
[78, [[], []]]
[79, []]
[80, :raised, TypeError]
[81, [[1, 2, 3, 4, 5]]]
[82, :raised, TypeError]
[83, :raised, TypeError]
[84, false]
[85, :raised, TypeError]
[86, true]
[87, true]
[88, 0]
[89, :raised, RangeError]
[90, Integer]
[91, :raised, RangeError]
[92, Integer]
[93, Float]
[94, true]
[95, "a".."e"]
[96, "a"..]
[97, Range]
[98, true]
[99, true]
[100, true]
[101, 1..]
[102, 5..1]
[103, "a"]
[104, "a"]
[105, []]
[106, :raised, NoMethodError]
[107, false]
[108, ["a", "b", "c", "d", "e"]]
[109, :raised, RangeError]
[110, Enumerator]
[111, :in]
[112, :out]
[113, :raised, RangeError]
[114, 0]
[115, :raised, TypeError]
[116, Integer]
[117, :raised, TypeError]
[118, :raised, RangeError]
[119, 1.5]
[120, 1.0]
[121, true]
[122, Array]
[123, nil]
