[0, "hello", "hello"]
[1, "hello!", "hello"]
[2, "hellohello", "hello"]
[3, "", "  Hello World\n"]
[4, :raised, ArgumentError]
[5, "hellox", "hello"]
[6, :raised, TypeError]
[7, "hello", "hello"]
[8, "hello", "hello"]
[9, false, "  Hello World\n"]
[10, "x", "x"]
[11, "helloA", "helloA"]
[12, :raised, FrozenError]
[13, 0, "hello"]
[14, -1, "hello"]
[15, nil, "  Hello World\n"]
[16, false, ""]
[17, false, "hello"]
[18, true, "hello"]
[19, 2, "hello"]
[20, nil, "hello"]
[21, nil, "  Hello World\n"]
[22, nil, ""]
[23, "o", "hello"]
[24, "el", "hello"]
[25, "ello", "hello"]
[26, nil, "hello"]
[27, "o", "  Hello World\n"]
[28, "", ""]
[29, "ll", "hello"]
[30, nil, "hello"]
[31, "ll", "hello"]
[32, "o", "hello"]
[33, " ", "  Hello World\n"]
[34, "J", "J"]
[35, "", "hlo"]
[36, :raised, FrozenError]
[37, :raised, IndexError]
[38, "_", "he_lo"]
[39, "  Hello World\nx", "  Hello World\nx"]
[40, true, ""]
[41, "hello", "hello"]
[42, #<Encoding:BINARY (ASCII-8BIT)>, "hello"]
[43, 2, "hello"]
[44, 3, "hello"]
[45, [32, 32, 72, 101, 108, 108, 111, 32, 87, 111, 114, 108, 100, 10], "  Hello World\n"]
[46, 0, ""]
[47, "el", "hello"]
[48, nil, "hello"]
[49, "Jello", "Jello"]
[50, "Hello", "hello"]
[51, "  hello world\n", "  hello world\n"]
[52, -1, ""]
[53, true, "hello"]
[54, nil, "hello"]
[55, "***hello***", "hello"]
[56, "hello", "hello"]
[57, :raised, ArgumentError]
[58, [], ""]
[59, "hello", "hello"]
[60, "hel", "hello"]
[61, nil, "hello"]
[62, "hell", "hello"]
[63, "  Hello World", "  Hello World"]
[64, "", ""]
[65, "", ""]
[66, [104, 101, 108, 108, 111], "hello"]
[67, "helloab", "helloab"]
[68, "hello", "hello"]
[69, 3, "  Hello World\n"]
[70, 0, ""]
[71, 3, "hello"]
[72, "abl0JrMf6tlhw", "hello"]
[73, "hello", "hello"]
[74, "heo", "hello"]
[75, nil, "  Hello World\n"]
[76, "", ""]
[77, "llo", "hello"]
[78, :raised, FrozenError]
[79, "hel", "hello"]
[80, nil, "hello"]
[81, "  hello world\n", "  Hello World\n"]
[82, nil, ""]
[83, "\"hello\"", "hello"]
[84, "hello", "hello"]
[85, false, "hello"]
[86, [104, 101, 108, 108, 111], "hello"]
[87, "  Hello World\n", "  Hello World\n"]
[88, [], ""]
[89, "hello", "hello"]
[90, [104, 101, 108, 108, 111], "hello"]
[91, ["h", "e", "l", "l", "o"], "hello"]
[92, ["hello"], "hello"]
[93, ["  Hel", "l", "o Worl", "d\n"], "  Hello World\n"]
[94, "", ""]
[95, ["hello"], "hello"]
[96, false, "hello"]
[97, 0, ""]
[98, #<Encoding:UTF-8>, "hello"]
[99, false, "  Hello World\n"]
[100, true, ""]
[101, true, "hello"]
[102, false, "hello"]
[103, #<Encoding:BINARY (ASCII-8BIT)>, "hello"]
[104, "hello", "hello"]
[105, false, "  Hello World\n"]
[106, nil, ""]
[107, nil, "hello"]
[108, ["h", "e", "l", "l", "o"], "hello"]
[109, "heLLo", "hello"]
[110, "heLLo", "hello"]
[111, "  He<l><l>o Wor<l>d\n", "  Hello World\n"]
[112, "", ""]
[113, nil, "hello"]
[114, :raised, FrozenError]
[115, true, "hello"]
[116, 0, "hello"]
[117, 0, "  Hello World\n"]
[118, false, ""]
[119, true, "hello"]
[120, 2, "hello"]
[121, 3, "hello"]
[122, 4, "hello"]
[123, nil, "  Hello World\n"]
[124, nil, ""]
[125, "hXello", "hXello"]
[126, :raised, FrozenError]
[127, :raised, IndexError]
[128, "\"hello\"", "hello"]
[129, :"  Hello World\n", "  Hello World\n"]
[130, :"", ""]
[131, 5, "hello"]
[132, 5, "hello"]
[133, ["hello"], "hello"]
[134, "hello...", "hello"]
[135, "  Hello World\n", "  Hello World\n"]
[136, "  ", ""]
[137, "hello", "hello"]
[138, :raised, FrozenError]
[139, "hello", "hello"]
[140, nil, "hello"]
[141, "Hello World", "  Hello World\n"]
[142, nil, ""]
[143, ["l"], "hello"]
[144, nil, "hello"]
[145, true, "hello"]
[146, false, "hello"]
[147, "  Hello Worle\n", "  Hello World\n"]
[148, "", ""]
[149, "hellp", "hellp"]
[150, 104, "hello"]
[151, ["he", "l", "lo"], "hello"]
[152, ["hello", "", ""], "hello"]
[153, ["  Hello Wor", "l", "d\n"], "  Hello World\n"]
[154, "> ", "> "]
[155, "bye", "bye"]
[156, "olleh", "hello"]
[157, "olleh", "olleh"]
[158, 3, "hello"]
[159, nil, "  Hello World\n"]
[160, [], ""]
[161, [["e", "l"]], "hello"]
[162, "hello", "hello"]
[163, "hello", "hello"]
[164, "hello", "hello"]
[165, 74, "J Hello World\n"]
[166, nil, ""]
[167, "el", "hlo"]
[168, :raised, FrozenError]
[169, nil, "hello"]
[170, ["hello"], "hello"]
[171, ["  He", "", "o Wor", "d\n"], "  Hello World\n"]
[172, [], ""]
[173, ["he", "lo"], "hello"]
[174, ["he", "", "o"], "hello"]
[175, ["he", "l", "", "l", "o"], "hello"]
[176, "hello", "hello"]
[177, " Helo World\n", "  Hello World\n"]
[178, "", ""]
[179, "helo", "helo"]
[180, true, "hello"]
[181, true, "hello"]
[182, "heLlo", "hello"]
[183, "  Hellllo World\n", "  Hello World\n"]
[184, nil, ""]
[185, "helo", "helo"]
[186, :raised, FrozenError]
[187, 532, "hello"]
[188, "HELLO", "hello"]
[189, "  hELLO wORLD\n", "  hELLO wORLD\n"]
[190, (0+0i), ""]
[191, 0.0, "hello"]
[192, 0, "hello"]
[193, 0, "hello"]
[194, (0/1), "hello"]
[195, "  Hello World\n", "  Hello World\n"]
[196, "", ""]
[197, "hippo", "hello"]
[198, "ifmmp", "hello"]
[199, "**ll*", "hello"]
[200, nil, "hello"]
[201, "  Hero Worrd\n", "  Hello World\n"]
[202, nil, ""]
[203, :bad, "hello"]
[204, "hello", "hello"]
[205, [32, 32, 72, 101, 108, 108, 111, 32, 87, 111, 114, 108, 100, 10], "  Hello World\n"]
[206, "", ""]
[207, "HELLO", "hello"]
[208, :raised, FrozenError]
[209, ["hello", "hellp"], "hello"]
[210, true, "hello"]
[211, #<Encoding:UTF-8>, "  Hello World\n"]
[212, String, ""]
[213, false, "hello"]
[214, true, "hello"]
[215, true, "hello"]
[216, true, "hello"]
[217, "  Hello World\n", "  Hello World\n"]
[218, "", ""]
[219, 5, "hello"]
[220, "HELLO", "hello"]
[221, 5, "hello"]
[222, 5, "hello"]
[223, [], "  Hello World\n"]
[224, true, ""]
[225, true, "hello"]
[226, true, "hello"]
[227, "c", "hello"]
[228, true, "hello"]
[229, false, "  Hello World\n"]
[230, false, ""]
[231, 1, "hello"]
[232, "<hello>", "hello"]
[233, "hello   |", "hello"]
[234, :bad, "hello"]
[235, :bad, "  Hello World\n"]
[236, [""], ""]
[237, "hello", "hello"]
[238, ["a", "hello"], "hello"]
[239, "hello", "hello"]
[240, "ehllo", "hello"]
[241, [0, 1, 2, 3, 4, 5, 6, 7, 8, 9, 10, 11, 12, 13], "  Hello World\n"]
[242, Integer, ""]
[243, :m, "hello"]
[244, :s, "hello"]
[245, true, "hello"]
[246, :raised, FrozenError]
[247, "  Hello World\n!", "  Hello World\n!"]
[248, "ab", "ab"]
[249, "helloz", "hello"]
