[0, 1, #<struct SIF a=1, b=2.5>]
[1, 4, #<struct SNI a=3, b=4>]
[2, Float, #<struct SNF a=3.5, b=4.5>]
[3, Integer, #<struct SSI a="x", b=4>]
[4, false, #<struct SKW a=1, b=2.5>]
[5, 3.0, #<struct SFF a=1.5, b=-0.0>]
[6, 5.0, #<struct SIF a=1, b=2.5>]
[7, "3", #<struct SNI a=3, b=4>]
[8, "4.5", #<struct SNF a=3.5, b=4.5>]
[9, ["x", 4], #<struct SSI a="x", b=4>]
[10, true, #<struct SKW a=1, b=2.5>]
[11, true, #<struct SFF a=1.5, b=-0.0>]
[12, false, #<struct SIF a=1, b=2.5>]
[13, false, #<struct SNI a=3, b=4>]
[14, false, #<struct SNF a=3.5, b=4.5>]
[15, true, #<struct SSI a="x", b=4>]
[16, :raised, ArgumentError]
[17, true, #<struct SFF a=1.5, b=-0.0>]
[18, true, #<struct SIF a=1, b=2.5>]
[19, [3, 4], #<struct SNI a=3, b=4>]
[20, {a: 3.5}, #<struct SNF a=3.5, b=4.5>]
[21, {a: "x", b: 4}, #<struct SSI a="x", b=4>]
[22, {}, #<struct SKW a=1, b=2.5>]
[23, "#<struct SFF a=1.5, b=-0.0>", #<struct SFF a=1.5, b=-0.0>]
[24, "#<struct SIF a=1, b=2.5>", #<struct SIF a=1, b=2.5>]
[25, [:a, :b], #<struct SNI a=3, b=4>]
[26, {a: "x", b: 4}, #<struct SSI a="x", b=4>]
[27, {"a" => 1, "b" => 2.5}, #<struct SKW a=1, b=2.5>]
[28, [1.5, -0.0], #<struct SFF a=1.5, b=-0.0>]
[29, :int, #<struct SIF a=1, b=2.5>]
[30, false, #<struct SNI a=3, b=4>]
[31, #<struct SNF a=3.5, b=4.5>, #<struct SNF a=3.5, b=4.5>]
[32, #<struct SSI a="x", b=4>, #<struct SSI a="x", b=4>]
[33, SFF, #<struct SFF a=1.5, b=-0.0>]
[34, true, #<struct SFF a=1.5, b=-0.0>]
[35, false, #<struct SIF a=1, b=2.5>]
[36, true, #<struct SNI a=3, b=4>]
[37, true, #<struct SNF a=3.5, b=4.5>]
[38, #<struct SSI a="x", b=4>, #<struct SSI a="x", b=4>]
[39, #<struct SKW a=1, b=2.5>, #<struct SKW a=1, b=2.5>]
[40, 1.5, #<struct SFF a=1.5, b=-0.0>]
[41, 1, #<struct SIF a=1, b=2.5>]
[42, 4, #<struct SNI a=3, b=4>]
[43, 3.5, #<struct SNF a=3.5, b=4.5>]
[44, [], #<struct SSI a="x", b=4>]
[45, false, #<struct SKW a=1, b=2.5>]
[46, false, #<struct SFF a=1.5, b=-0.0>]
[47, "<#<struct SIF a=1, b=2.5>>", #<struct SIF a=1, b=2.5>]
[48, [3], #<struct SNI a=3, b=4>]
[49, 1, #<struct SNF a=3.5, b=4.5>]
[50, 1, #<struct SSI a="x", b=4>]
[51, "12.5", #<struct SKW a=1, b=2.5>]
[52, -1, #<struct SFF a=1.5, b=-0.0>]
[53, false, #<struct SIF a=1, b=2.5>]
[54, [3, 4], #<struct SNI a=3, b=4>]
[55, [:a, :b], #<struct SNF a=3.5, b=4.5>]
[56, 1, #<struct SIF a=1, b=2.5>]
[57, 4, #<struct SNI a=3, b=4>]
[58, 4.5, #<struct SNF a=3.5, b=4.5>]
[59, 1, #<struct SKW a=1, b=2.5>]
[60, 2.5, #<struct SIF a=1, b=2.5>]
[61, :raised, IndexError]
[62, :raised, NameError]
[63, 2.5, #<struct SKW a=1, b=2.5>]
[64, 5, #<struct SIF a=5, b=2.5>]
[65, 6, #<struct SNI a=3, b=6>]
[66, 5.5, #<struct SNF a=5.5, b=4.5>]
[67, :raised, IndexError]
[68, 5, #<struct SIF a=5, b=2.5>]
[69, 6, #<struct SNI a=3, b=6>]
[70, 5.5, #<struct SNF a=5.5, b=4.5>]
[71, 1, #<struct SKW a=1, b=2.5>]
[72, 1, #<struct SIF a=1, b=2.5>]
[73, #<struct SNI a=3, b=4>, #<struct SNI a=3, b=4>]
[74, [3.5, 4.5], #<struct SNF a=3.5, b=4.5>]
[75, #<struct SKW a=1, b=2.5>, #<struct SKW a=1, b=2.5>]
[76, [[:a, 1], [:b, 2.5]], #<struct SIF a=1, b=2.5>]
[77, [3, 4], #<struct SNI a=3, b=4>]
[78, [3.5], #<struct SNF a=3.5, b=4.5>]
[79, 2, #<struct SKW a=1, b=2.5>]
[80, 2, #<struct SIF a=1, b=2.5>]
[81, [3, 4], #<struct SNI a=3, b=4>]
[82, [3.5, 4.5], #<struct SNF a=3.5, b=4.5>]
[83, [1, 2.5], #<struct SKW a=1, b=2.5>]
[84, [1, 2.5], #<struct SIF a=1, b=2.5>]
[85, :raised, IndexError]
[86, [3.5, 4.5], #<struct SNF a=3.5, b=4.5>]
[87, 3.5, #<struct SKW a=1, b=2.5>]
[88, 1, #<struct SIF a=1, b=2.5>]
[89, 4, #<struct SNI a=3, b=4>]
[90, [3.5, 4.5], #<struct SNF a=3.5, b=4.5>]
[91, true, #<struct SKW a=1, b=2.5>]
[92, false, #<struct SIF a=1, b=2.5>]
[93, 2, #<struct SNI a=3, b=4>]
[94, 3.5, #<struct SNF a=3.5, b=4.5>]
[95, [1, 2.5], #<struct SKW a=1, b=2.5>]
[96, [[1, 0], [2.5, 1]], #<struct SIF a=1, b=2.5>]
[97, {3 => 1, 4 => 1}, #<struct SNI a=3, b=4>]
[98, [[3.5, 1], [4.5, 2]], #<struct SNF a=3.5, b=4.5>]
[99, [1, 2.5], #<struct SKW a=1, b=2.5>]
[100, 1, #<struct SIF a=1, b=2.5>]
[101, 7, #<struct SNI a=3, b=4>]
[102, [3.5, 4.5], #<struct SNF a=3.5, b=4.5>]
[103, [1, 2.5], #<struct SKW a=1, b=2.5>]
[104, :raised, FrozenError]
[105, false, #<struct SNI a=3, b=4>]
[106, [[3.5], [4.5]], #<struct SNF a=3.5, b=4.5>]
[107, 1, #<struct SKW a=1, b=2.5>]
[108, [Integer, Float], #<struct SIF a=1, b=2.5>]
[109, 8, #<struct SNI a=8, b=4>]
[110, 11.0, #<struct SNF a=3.5, b=11.0>]
[111, 1, #<data DIF a=1, b=2.5>]
[112, 4, #<data DNI a=3, b=4>]
[113, Float, #<data DNF a=3.5, b=4.5>]
[114, Integer, #<data DSI a="x", b=4>]
[115, false, #<data DIF a=1, b=2.5>]
[116, 6, #<data DNI a=3, b=4>]
[117, 9.0, #<data DNF a=3.5, b=4.5>]
[118, "x", #<data DSI a="x", b=4>]
[119, "2.5", #<data DIF a=1, b=2.5>]
[120, [3, 4], #<data DNI a=3, b=4>]
[121, true, #<data DNF a=3.5, b=4.5>]
[122, true, #<data DSI a="x", b=4>]
[123, false, #<data DIF a=1, b=2.5>]
[124, false, #<data DNI a=3, b=4>]
[125, false, #<data DNF a=3.5, b=4.5>]
[126, true, #<data DSI a="x", b=4>]
[127, true, #<data DIF a=1, b=2.5>]
[128, true, #<data DNI a=3, b=4>]
[129, true, #<data DNF a=3.5, b=4.5>]
[130, ["x", 4], #<data DSI a="x", b=4>]
[131, {a: 1}, #<data DIF a=1, b=2.5>]
[132, {a: 3, b: 4}, #<data DNI a=3, b=4>]
[133, {}, #<data DNF a=3.5, b=4.5>]
[134, "#<data DSI a=\"x\", b=4>", #<data DSI a="x", b=4>]
[135, "#<data DIF a=1, b=2.5>", #<data DIF a=1, b=2.5>]
[136, [:a, :b], #<data DNI a=3, b=4>]
[137, {a: "x", b: 4}, #<data DSI a="x", b=4>]
[138, {"a" => 1, "b" => 2.5}, #<data DIF a=1, b=2.5>]
[139, [3, 4], #<data DNI a=3, b=4>]
[140, :flt, #<data DNF a=3.5, b=4.5>]
[141, true, #<data DSI a="x", b=4>]
[142, #<data DIF a=1, b=2.5>, #<data DIF a=1, b=2.5>]
[143, #<data DNI a=3, b=4>, #<data DNI a=3, b=4>]
[144, DNF, #<data DNF a=3.5, b=4.5>]
[145, false, #<data DSI a="x", b=4>]
[146, true, #<data DIF a=1, b=2.5>]
[147, false, #<data DNI a=3, b=4>]
[148, false, #<data DNF a=3.5, b=4.5>]
[149, #<data DSI a="x", b=4>, #<data DSI a="x", b=4>]
[150, #<data DIF a=1, b=2.5>, #<data DIF a=1, b=2.5>]
[151, 3, #<data DNI a=3, b=4>]
[152, 3.5, #<data DNF a=3.5, b=4.5>]
[153, 4, #<data DSI a="x", b=4>]
[154, 1, #<data DIF a=1, b=2.5>]
[155, [], #<data DNI a=3, b=4>]
[156, false, #<data DNF a=3.5, b=4.5>]
[157, false, #<data DSI a="x", b=4>]
[158, "<#<data DIF a=1, b=2.5>>", #<data DIF a=1, b=2.5>]
[159, [3], #<data DNI a=3, b=4>]
[160, 1, #<data DNF a=3.5, b=4.5>]
[161, 1, #<data DSI a="x", b=4>]
[162, "12.5", #<data DIF a=1, b=2.5>]
[163, -1, #<data DNI a=3, b=4>]
[164, false, #<data DNF a=3.5, b=4.5>]
[165, ["x", 4], #<data DSI a="x", b=4>]
[166, [:a, :b], #<data DIF a=1, b=2.5>]
[167, #<data DIF a=5, b=2.5>, #<data DIF a=1, b=2.5>]
[168, 6.5, #<data DNF a=3.5, b=4.5>]
[169, #<data DIF a=1, b=2.5>, #<data DIF a=1, b=2.5>]
[170, :raised, ArgumentError]
[171, false, #<data DIF a=1, b=2.5>]
[172, true, #<data DNF a=3.5, b=4.5>]
[173, Integer, #<data DIF a=1, b=2.5>]
[174, {a: 5.5, b: 6.5}, #<data DNF a=3.5, b=4.5>]
[175, :raised, ArgumentError]
[176, :raised, ArgumentError]
[177, #<data DIF a=1, b=2.5>, #<data DIF a=1, b=2.5>]
[178, nil, #<data DIF a=1, b=2.5>]
