[[[:a, 1]], [[:b, 2], [:c, 3]]]
[[[:a, 1], [:b, 2]], [[:c, 3]]]
[[true, [[:a, 1]]], [false, [[:b, 2]]], [true, [[:c, 3]]]]
[[[:a, 1]], [[:b, 2], [:c, 3]]]
[[[:a, 1], [:b, 2]], [[:c, 3]]]
[[1, [[:a, 1]]], [0, [[:b, 2]]], [1, [[:c, 3]]]]
[[[:a, 1]], [[:b, 2], [:c, 3]]]
[[1], [[2, 3], 4]]
[[[1, nil], [[:x, 1], [:y, 1]]], [[2, nil], [[:z, 2]]]]
