[:merge_bang, [true, {a: 1}, {a: 1}]]
[:update, [true, {a: 1}, {a: 1}]]
[:merge, [false, {a: 1}]]
[:merge_bang_block, {a: 1}]
[:update_block, {a: 1}]
[:chain, {a: 1, b: 2}]
[:chain_update, {a: 1, b: 2, c: 3}]
{a: 1, b: 2, c: 3}
[:str_merge, {"k" => 1, "j" => 2}]
[:str_update, {"k" => 1, "j" => 2}]
[:int_merge, {1 => :x, 2 => :y}]
[:mixed_merge, {a: 1, "b" => 2.5, 3 => nil}]
[:mixed_update, {a: 1, "b" => 2.5, 3 => nil}]
[:empty_merge, {}]
[:empty_update, {}]
[:built, {x: 1}]
[:frozen_merge, FrozenError]
[:frozen_update, FrozenError]
[:frozen_empty, FrozenError]
[:ivar, {k: :v}]
[:call, {k: :v}]
[:const, true]
[:arg, [{a: 1}, {b: 2}]]
[:poly, {a: 1}]
[:poly_block, {a: 1}]
[:poly_update, {a: 1}]
[:poly_update_block, {a: 1}]
[:poly_int, NoMethodError]
[:fv, []]
[:fv_block, []]
[:fv_str, []]
[:fv_int, []]
[:fv_mixed, []]
[:fv_empty, []]
[:fv_with_key, [1]]
[:fv_miss, KeyError]
[:fv_miss_block, ["zz"]]
[:afv, []]
[:afv_block, []]
[:afv_str, []]
[:afv_float, []]
[:afv_empty, []]
[:afv_empty_block, []]
[:afv_poly, []]
[:afv_poly_block, []]
[:fv_poly, []]
[:afv_mixed, []]
[:afv_with, [10, 30]]
[:afv_miss, IndexError]
[:afv_miss_block, [10]]
[:afv_nested, []]
[:afv_order, []]
[:recv]
[:fv_order, []]
[:recv]
[:merge_order, {a: 1, b: 2, c: 3}]
[:recv]
[:update_order, {a: 1, b: 2, c: 3}]
[:recv]
[:nil_merge, NoMethodError]
[:nil_update, NoMethodError]
[:nil_fetch_values, NoMethodError]
[:nil_boxed_array, NoMethodError]
[:boxed_array, []]
[:filled_merge, {a: 1}]
[:plain, {a: 1}]
[:blocked_sym, {a: 1}]
[:blocked_str, {"a" => 1.5}]
