[:zero, ZeroDivisionError, "divided by 0"]
[:neg_zero, ZeroDivisionError, "divided by 0"]
[:zero_by_zero, ZeroDivisionError, "divided by 0"]
[:neg_by_zero, ZeroDivisionError, "divided by 0"]
[:big_by_zero, ZeroDivisionError, "divided by 0"]
[:nan, FloatDomainError, "NaN"]
[:inf, 0]
[:neg_inf, 0]
[:inf_neg_recv, 0]
[:half, 2]
[:neg_half, -3]
[:neg_div, -3]
[:fifth, 14]
[:exact, 4]
[:small, 0]
[:neg_small, -1]
[:zero_recv, 0]
[:var_zero, ZeroDivisionError, "divided by 0"]
[:var_map, ZeroDivisionError, "divided by 0"]
[:var_nan, FloatDomainError, "NaN"]
[:var, 4]
[:var_map_ok, [4, 8]]
[:method_zero, ZeroDivisionError, "divided by 0"]
[:array_zero, ZeroDivisionError, "divided by 0"]
[:hash_zero, ZeroDivisionError, "divided by 0"]
[:expr_zero, ZeroDivisionError, "divided by 0"]
[:order, ZeroDivisionError, "divided by 0"]
[:recv, :arg]
[:order_ok, 2]
[:recv, :arg]
[:ceil_zero, ZeroDivisionError, "divided by 0"]
[:ceil_neg_zero, ZeroDivisionError, "divided by 0"]
[:ceil_nan, FloatDomainError, "NaN"]
[:ceil, 3]
[:nil_recv, NoMethodError, "undefined method 'div' for nil"]
[:float_recv, ZeroDivisionError, "divided by 0"]
[:float_recv_int, ZeroDivisionError, "divided by 0"]
[:int_int, ZeroDivisionError, "divided by 0"]
