[TypeError, "can't convert true into Integer"]
[TypeError, "can't convert true into Float"]
[TypeError, "can't convert false into Integer"]
[TypeError, "can't convert false into Float"]
[TypeError, "can't convert Symbol into Integer"]
[TypeError, "can't convert Array into Float"]
[TypeError, "can't convert true into Integer"]
[TypeError, "can't convert nil into Integer"]
[TypeError, "can't convert nil into Float"]
