[[[1], {key: :value}], [:key, :value]]
[[[:a, 1], {k: :v}], [:a, :k, :v]]
["ArgumentError: missing keyword: :k1", [:z, :v]]
["ArgumentError: wrong number of arguments (given 0, expected 1; required keyword: k1)", [:z, :v]]
[[1, {"s" => 2}], ["s", 2]]
[[1, {p: 3, q: 4}], [:p, 3, 4]]
[[[], {key: :value}], [:key, :value]]
[6, [:key]]
["ArgumentError: missing keyword: :key", [:other]]
[[1, 2, {z: 3}], [:key, :z]]
[[1, 0, {z: 4}], [:z]]
["ArgumentError: unknown keyword: \"key\"", ["key"]]
["s", [:key]]
[[[1, 2], 1], [:key]]
[[1.5, :sym], [:other]]
[{a: "x", b: 2}, [:a]]
[[], [:key]]
[{}, [:key]]
["ArgumentError: unknown keyword: \"s\"", [:key]]
["ArgumentError: missing keyword: :key", [:other]]
[[:a, 1, {z: 2}], [:key, :z]]
[[:ac, "s"], [:key]]
[[:a, 3, {}], [:key]]
[[:p, 9], [:key]]
[[6, {w: 7}], [:key, :w]]
[[1, 2], [:key]]
[[:x, 0], [:key]]
[[:dm, 8], [:key]]
[[:a, 11, {}], [:key]]
["s", [:key]]
[[5, 1], [:key]]
[[], [:key]]
