[:rest, {}]
[:named, 0]
[:merged, [1, {}]]
[:method, {}]
[:class_method, 1]
[:new, [0, {}]]
[:block, 2]
[:struct, #<struct S z=nil>]
[:literal, {w: 1}]
[:refused, ArgumentError, "wrong number of arguments (given 2, expected 1)"]
[:rest, TypeError, "no implicit conversion of Class into Hash"]
[:named, TypeError, "no implicit conversion of Class into Hash"]
[:merged, TypeError, "no implicit conversion of Class into Hash"]
[:method, TypeError, "no implicit conversion of Class into Hash"]
[:class_method, TypeError, "no implicit conversion of Class into Hash"]
[:new, TypeError, "no implicit conversion of Class into Hash"]
[:block, TypeError, "no implicit conversion of Class into Hash"]
[:struct, TypeError, "no implicit conversion of Class into Hash"]
[:literal, TypeError, "no implicit conversion of Class into Hash"]
[:refused, TypeError, "no implicit conversion of Class into Hash"]
[:rest, TypeError, "no implicit conversion of Module into Hash"]
[:named, TypeError, "no implicit conversion of Module into Hash"]
[:merged, TypeError, "no implicit conversion of Module into Hash"]
[:method, TypeError, "no implicit conversion of Module into Hash"]
[:class_method, TypeError, "no implicit conversion of Module into Hash"]
[:new, TypeError, "no implicit conversion of Module into Hash"]
[:block, TypeError, "no implicit conversion of Module into Hash"]
[:struct, TypeError, "no implicit conversion of Module into Hash"]
[:literal, TypeError, "no implicit conversion of Module into Hash"]
[:refused, TypeError, "no implicit conversion of Module into Hash"]
[:rest, TypeError, "no implicit conversion of Class into Hash"]
[:named, TypeError, "no implicit conversion of Class into Hash"]
[:merged, TypeError, "no implicit conversion of Class into Hash"]
[:method, TypeError, "no implicit conversion of Class into Hash"]
[:class_method, TypeError, "no implicit conversion of Class into Hash"]
[:new, TypeError, "no implicit conversion of Class into Hash"]
[:block, TypeError, "no implicit conversion of Class into Hash"]
[:struct, TypeError, "no implicit conversion of Class into Hash"]
[:literal, TypeError, "no implicit conversion of Class into Hash"]
[:refused, TypeError, "no implicit conversion of Class into Hash"]
[:constant, TypeError, "no implicit conversion of Module into Hash"]
[:superclass, 0]
