ArgumentError: unknown keywords: :z, "s"
ArgumentError: unknown keywords: :z, "s"
ArgumentError: unknown keywords: :z, "s"
ArgumentError: unknown keywords: :z, :y
ArgumentError: unknown keywords: :z, :y
ArgumentError: unknown keywords: :z, :y
ArgumentError: unknown keywords: :z, :y
ArgumentError: unknown keywords: :z, :y
ArgumentError: unknown keywords: :z, :y
ArgumentError: unknown keywords: :z, "s"
ArgumentError: unknown keywords: "t", :y, "s", :x
ArgumentError: unknown keywords: :x, "t", :y, "s"
ArgumentError: unknown keywords: :z, :y
ArgumentError: missing keyword: :k1
ArgumentError: unknown keywords: :z, :y
ArgumentError: unknown keywords: :z, :y
ArgumentError: unknown keywords: :z, "s"
ArgumentError: unknown keywords: "s", :z
ArgumentError: unknown keywords: :z, "s", :y
ArgumentError: unknown keywords: :y, :z, "s"
ArgumentError: unknown keyword: :y
ArgumentError: unknown keywords: "s", "u"
