"\x04\bo:\nRange\b:\texclF:\nbeginI\"\x06a\x06:\x06ET:\bendI\"\x06c\x06;\bT"
"a"
"c"
false
Range
true
true
"\x04\bo:\nRange\b:\texclT:\nbeginI\"\x06a\x06:\x06ET:\bendI\"\x06c\x06;\bT"
"a"
"c"
true
Range
true
true
"\x04\bo:\nRange\b:\texclF:\nbeginI\"\x06a\x06:\x06ET:\bend0"
"a"
nil
false
Range
true
true
"\x04\bo:\nRange\b:\texclF:\nbegin0:\bendI\"\x06z\x06:\x06ET"
nil
"z"
false
Range
true
true
"\x04\bo:\nRange\b:\texclF:\nbeginI\"\aab\x06:\x06ET:\bendI\"\aad\x06;\bT"
"ab"
"ad"
false
Range
true
true
"\x04\bo:\nRange\b:\texclF:\nbegini\x06:\bendi\b"
1
3
false
Range
true
true
"\x04\bo:\nRange\b:\texclT:\nbegini\x06:\bendi\b"
1
3
true
Range
true
true
"\x04\bo:\nRange\b:\texclF:\nbegini\x06:\bend0"
1
nil
false
Range
true
true
"\x04\bo:\nRange\b:\texclF:\nbegin0:\bendi\n"
nil
5
false
Range
true
true
"\x04\bo:\nRange\b:\texclF:\nbegini\xFA:\bendi\xF6"
-1
-5
false
Range
true
true
"\x04\bo:\nRange\b:\texclF:\nbeginf\x061:\bendf\b2.5"
1.0
2.5
false
Range
true
true
"\x04\bo:\nRange\b:\texclT:\nbeginf\x061:\bendf\b2.5"
1.0
2.5
true
Range
true
true
"\x04\bo:\nRange\b:\texclF:\nbeginf\b1.5:\bendi\n"
1.5
5
false
Range
true
true
"\x04\bo:\nRange\b:\texclF:\nbegini\x06:\bendf\b2.5"
1
2.5
false
Range
true
true
"\x04\bo:\nRange\b:\texclF:\nbeginf\x061:\bend0"
1.0
nil
false
Range
true
true
"\x04\bo:\nRange\b:\texclF:\nbegin0:\bendf\b2.5"
nil
2.5
false
Range
true
true
"\x04\b[\ao:\nRange\b:\texclF:\nbeginI\"\x06a\x06:\x06ET:\bendI\"\x06b\x06;\bTo;\x00\b;\x06F;\a@\a;\t@\b"
"\x04\b[\ao:\nRange\b:\texclF:\nbeginI\"\azz\x06:\x06ET:\bend@\a@\a"
"\x04\b[\bo:\nRange\b:\texclT:\nbeginI\"\x06m\x06:\x06ET:\bendI\"\x06n\x06;\bT@\b@\a"
true
true
false
1..2
"a".."e"
3.0
4.0
"k"..."m"
5
3
["a", "b", "c", "d", "e"]
false
["k", "l"]
["aa", "ab", "ac", "ad"]
