[[], {}, nil, true]
[[], {}, nil, true]
[false, true, false]
[(0/1), (0/1), (0/1), (0+0i)]
[(5/2), (2.5+0i)]
NoMethodError: undefined method 'to_a' for an instance of Integer
NoMethodError: undefined method 'to_h' for an instance of Float
NoMethodError: undefined method '=~' for an instance of Integer
NoMethodError: undefined method '|' for an instance of Float
NoMethodError: undefined method '>' for nil
NoMethodError: undefined method '<' for nil
ArgumentError: comparison of Integer with nil failed
ArgumentError: comparison of Float with nil failed
NoMethodError: undefined method '+' for nil
TypeError: nil can't be coerced into Integer
TypeError: nil can't be coerced into Float
[true, true, 7.5, 3.5]
TypeError: nil can't be coerced into Float
TypeError: nil can't be coerced into Float
4.0
:else
:else
:else
:else
:one
:zero
:one
:else
