[1, [2], 3, 4]
[1, [], "x", :y]
[2.5, [2.5], 1, :y]
["s", [], 1, {k: :y}]
[:m, [3.5], "s", {k: "s"}]
"wrong number of arguments (given 2, expected 3+)"
"wrong number of arguments (given 2, expected 3+)"
[1, [2], 3, 4]
["s", [], 1, {k: :y}]
[1, [], 2]
[1, [], "x"]
["x", [], 2.5]
["s", "t", [{k: "u"}]]
["s", "s", [{k: "s"}]]
[1, 1, [], {k: nil}]
[[1, 1, 2], {k: 3}]
[[], 5]
[1, [2, 3, 4], 2, {k: 3}]
[1, [], 2, 3]
"Y"
NoMethodError
[1, 5]
[2, {k: 3}]
[1, {k: 4}]
[1, [], 2]
[1, [2], {k: 3}]
[1, [], 2]
[[], 5]
[[1, 1, 2], {k: 3}]
[5, "s"]
[1, "t"]
[1, {k: 1}]
[2, nil]
[1, [2], 3, 4]
[1, [], "x", :y]
[1, [2], 3, 4]
[1, [], "x", :y]
[1, [2], 3, 4]
[1, [], "x", :y]
[1, [], "x", :y]
[1, :d, []]
["s", "t", [{k: "u"}]]
[1, [2], 3, 4]
[1, [], "x", :y]
[5, "s"]
[1, {q: 2}]
[1, {}]
[1, 2, {z: 3}]
{x: 1}
[1, 2]
"5/s"
"5/7"
"5/t"
