rational ArgumentError: wrong number of arguments (given 0, expected 1)
rational nilable ArgumentError: wrong number of arguments (given 1, expected 2)
complex ArgumentError: wrong number of arguments (given 1, expected 0)
time ArgumentError: wrong number of arguments (given 1, expected 0)
float range ArgumentError: wrong number of arguments (given 0, expected 1)
string range ArgumentError: wrong number of arguments (given 0, expected 1)
regexp ArgumentError: wrong number of arguments (given 0, expected 1..2)
matchdata ArgumentError: wrong number of arguments (given 1, expected 0)
enumerator ArgumentError: wrong number of arguments (given 1, expected 0)
proc ArgumentError: wrong number of arguments (given 1, expected 0)
method ArgumentError: wrong number of arguments (given 1, expected 0)
file ArgumentError: wrong number of arguments (given 1, expected 0)
queue ArgumentError: wrong number of arguments (given 1, expected 0)
mutex ArgumentError: wrong number of arguments (given 1, expected 0)
queue push ArgumentError: wrong number of arguments (given 0, expected 1)
sized queue push ArgumentError: wrong number of arguments (given 0, expected 1..2)
string to_s ArgumentError: wrong number of arguments (given 1, expected 0)
"111"
string getbyte ArgumentError: wrong number of arguments (given 0, expected 1)
array to_a ArgumentError: wrong number of arguments (given 1, expected 0)
symbol nomethod NoMethodError: undefined method 'remainder' for an instance of Symbol
