n0 ArgumentError: wrong number of arguments (given 0, expected 1) []
n1 [:a, 1] [1]
n2 ArgumentError: wrong number of arguments (given 2, expected 1) [1, 2]
n3 ArgumentError: wrong number of arguments (given 3, expected 1) [1, 2, 3]
nk ArgumentError: wrong number of arguments (given 2, expected 1) [1, 2]
n*1 [:a, 1] []
n*2 ArgumentError: wrong number of arguments (given 2, expected 1) []
m* [:a, 1, [2, 3], 4, {}] [1, [2, 3], 4]
m** [:a, 1, [], 9, {}] [1, {k: 3}, 9]
m**h [:a, 1, [], 7, {}] [1]
m**nil [:a, 1, [], 0, {}] [1]
m**true TypeError: no implicit conversion of true into Hash [1, 2]
q [:a, 1, 2] [1, 2]
q& [:a, 1, 2] [1, 2]
p** [:a, 1, {k: 3, s: 2}] [1, {k: 3}, 2]
p**true TypeError: no implicit conversion of true into Hash [1]
p**nil [:a, 1, {}] [1]
z**true TypeError: no implicit conversion of true into Hash [1, 2, 3]
z** ArgumentError: no keywords accepted [1, {k: 3}]
n0 ArgumentError: wrong number of arguments (given 0, expected 2) []
n1 ArgumentError: wrong number of arguments (given 1, expected 2) [1]
n2 [:b, 1, 2] [1, 2]
n3 ArgumentError: wrong number of arguments (given 3, expected 2) [1, 2, 3]
nk [:b, 1, {k: 2}] [1, 2]
n*1 ArgumentError: wrong number of arguments (given 1, expected 2) []
n*2 [:b, 1, 2] []
m* ArgumentError: wrong number of arguments (given 3, expected 1..2; required keyword: k) [1, [2, 3], 4]
m** [:b, 1, 5, 9] [1, {k: 3}, 9]
m**h [:b, 1, 5, 7] [1]
m**nil ArgumentError: missing keyword: :k [1]
m**true TypeError: no implicit conversion of true into Hash [1, 2]
q ArgumentError: wrong number of arguments (given 2, expected 1) [1, 2]
q& ArgumentError: wrong number of arguments (given 2, expected 1) [1, 2]
p** [:b, 1, {k: 3, s: 2}] [1, {k: 3}, 2]
p**true TypeError: no implicit conversion of true into Hash [1]
p**nil ArgumentError: wrong number of arguments (given 1, expected 2) [1]
z**true TypeError: no implicit conversion of true into Hash [1, 2, 3]
z** ArgumentError: no keywords accepted [1, {k: 3}]
idx [:a, 1, [], 2, {zz: 3}] [[1], 2, 3]
idx** TypeError: no implicit conversion of true into Hash [1]
idx ArgumentError: unknown keyword: :zz [[1], 2, 3]
idx** TypeError: no implicit conversion of true into Hash [1]
x [:a, 1] [1]
x ArgumentError: wrong number of arguments (given 1, expected 2) [1]
x NoMethodError: undefined method 'n' for an instance of Integer [1]
x NoMethodError: undefined method 'n' for an instance of String [1]
[65, 65, 1]
[-65, 65, 1]
