"zz"
"zz"
"zz"
"> Hello world!"
"> Hello world!"
"HELLO WORLD"
"HELLO WORLD"
"hello world"
"hello world"
"Hello world"
"Hello world"
"hELLO WORLD"
"hELLO WORLD"
"DLROW OLLEh"
"DLROW OLLEh"
"DLR0W OLLEh"
"DLR0W OLLEh"
"D1R0W O11Eh"
"D1R0W O11Eh"
nil
"D1R0W O11Eh"
"D1R0WO11Eh"
"D1R0WO11Eh"
"D1R0WO11E"
"D1R0WO11E"
"D1"
"R0WO11E"
"Q0WO11E"
"Q0WO11E"
"  aabb"
"  aabb"
"aabb"
"aabb"
"ab"
"ab"
""
""
"ABCD"
"ABCD"
"q"
"q"
"zz!"
"zz!"
"filled"
"filled"
3
[1, 2, 3]
[1, 2, 3]
[2, 4, 6]
[2, 4, 6]
"zz!"
"zz!"
{k: "q"}
"q"
