1
[2, nil]
3
[4, nil]
[5, :given]
[6, :lit]
[7, nil]
1
[8, nil]
nil
[nil]
[[9, nil]]
nil
nil
nil
nil
true
nil
[[10, nil], :outer]
[[11, :given], nil]
[[12, nil], :k]
[[13, nil], :d]
"no"
[14, nil]
"wrong number of arguments (given 0, expected 1)"
[15, nil]
[16, :given]
[16, :splat]
[16, nil]
[17, 1, :kw]
[18, 2, nil]
[190, nil]
[200, nil]
[21, nil]
