[5, 1]
[5, 2]
[5, 1]
[5, 3]
[5, 1]
[5, 1]
[5, 1]
[5, 1]
[5, 3]
[nil, 2]
"unknown keyword: :x"
"wrong number of arguments (given 2, expected 1)"
[5, 2]
[5, 3]
"wrong number of arguments (given 2, expected 1)"
"wrong number of arguments (given 0, expected 1)"
[5, {k: 2}, 1]
[5, 0, 2]
[5, {k: 2}, 1]
[5, nil, 2]
[[1, 2], nil, 3]
[1, {k: 2}, 1]
[5, [], 6, 2]
[5, [6], {k: 2}, 1]
[5, {k: 2}, {}]
[5, 7, {k: 2}]
[5, 3]
"missing keyword: :k"
[5, 1]
[5, 1]
[5, 1]
[5, 2]
[0, 1]
[[[1, {k: 2}], 1]]
[[{k: 5}, 1]]
[5, 1]
[5, 2]
[5, 1]
[5, 1]
[5, 2]
[5, 1]
[5, 3]
[5, 2]
[5, 1]
