{a: 1}
{b: 2}
{"a" => 1}
{1 => 2}
{}
{"a" => "b"}
{1 => "x"}
{1 => 2, "k" => :v}
{a: 1}
1
{b: 2}
{"x" => [1, "y"], "n" => nil}
{k: "v3", n: [3]}
{z: 1}

#<OpenStruct a=1, b="x">

#<OpenStruct a=2>
{}
{a: 1, b: "x"}
{a: 1}
{a: 1}
5
s
{k: "v0", n: [0, ""], s: "x0"}
{k: "v1", n: [1, "w"], s: "x1"}
{k: "v2", n: [2, "ww"], s: "x2"}
{k: "v3", n: [3, "www"], s: "x3"}
{k: "v4", n: [4, "wwww"], s: "x4"}
{k: "v5", n: [5, "wwwww"], s: "x5"}
{k: "v6", n: [6, "wwwwww"], s: "x6"}
{k: "v7", n: [7, ""], s: "x7"}
{k: "v8", n: [8, "w"], s: "x8"}
{k: "v9", n: [9, "ww"], s: "x9"}
{k: "v10", n: [10, "www"], s: "x10"}
{k: "v11", n: [11, "wwww"], s: "x11"}
{k: "v12", n: [12, "wwwww"], s: "x12"}
{k: "v13", n: [13, "wwwwww"], s: "x13"}
{k: "v14", n: [14, ""], s: "x14"}
{k: "v15", n: [15, "w"], s: "x15"}
{k: "v16", n: [16, "ww"], s: "x16"}
{k: "v17", n: [17, "www"], s: "x17"}
{k: "v18", n: [18, "wwww"], s: "x18"}
{k: "v19", n: [19, "wwwww"], s: "x19"}
{k: "v20", n: [20, "wwwwww"], s: "x20"}
{k: "v21", n: [21, ""], s: "x21"}
{k: "v22", n: [22, "w"], s: "x22"}
{k: "v23", n: [23, "ww"], s: "x23"}
{k: "v24", n: [24, "www"], s: "x24"}
{k: "v25", n: [25, "wwww"], s: "x25"}
{k: "v26", n: [26, "wwwww"], s: "x26"}
{k: "v27", n: [27, "wwwwww"], s: "x27"}
{k: "v28", n: [28, ""], s: "x28"}
{k: "v29", n: [29, "w"], s: "x29"}
