[RuntimeError, "x", NilClass]
[TypeError, "exception class/object expected", NilClass]
[TypeError, "exception class/object expected", NilClass]
[TypeError, "exception class/object expected", NilClass]
[TypeError, "exception class/object expected", NilClass]
[TypeError, "exception class/object expected", NilClass]
[TypeError, "exception class/object expected", NilClass]
[RuntimeError, "x", NilClass]
[RuntimeError, "RuntimeError", NilClass]
[RuntimeError, "o", NilClass]
[ArgumentError, "ArgumentError", NilClass]
[TypeError, "exception class/object expected", NilClass]
[TypeError, "exception class/object expected", NilClass]
[:first, :second]
[RuntimeError, "x", RuntimeError]
[RuntimeError, "x", NilClass]
[TypeError, "exception object expected", NilClass]
[TypeError, "exception object expected", NilClass]
[TypeError, "exception object expected", NilClass]
[TypeError, "exception object expected", NilClass]
[TypeError, "exception object expected", NilClass]
[TypeError, "exception object expected", NilClass]
[RuntimeError, "x", RuntimeError]
[TypeError, "exception object expected", NilClass]
[TypeError, "exception object expected", NilClass]
[TypeError, "exception object expected", NilClass]
[TypeError, "exception object expected", NilClass]
[TypeError, "exception object expected", NilClass]
[:cause]
["outer", "inner"]
[TypeError, "exception object expected", NilClass]
[TypeError, "exception object expected", NilClass]
[TypeError, "exception object expected", NilClass]
[TypeError, "exception object expected", NilClass]
[:first, :cause]
[TypeError, "exception object expected", NilClass]
[1, 2]
[TypeError, "exception class/object expected", NilClass]
[TypeError, "exception class/object expected", NilClass]
[TypeError, "exception class/object expected", NilClass]
[RuntimeError, "x", NilClass]
[RuntimeError, "x", NilClass]
[RuntimeError, "x", RuntimeError]
[RuntimeError, "x", NilClass]
[RuntimeError, "x", NilClass]
[RuntimeError, "x", NilClass]
[TypeError, "exception object expected", NilClass]
[RuntimeError, "x", NilClass]
[TypeError, "exception object expected", NilClass]
[RuntimeError, "x", NilClass]
[TypeError, "exception object expected", NilClass]
[1, 2]
[TypeError, "exception object expected", NilClass]
[3, 4]
[RuntimeError, "5", NilClass]
[5]
[TypeError, "exception class/object expected", NilClass]
[TypeError, "exception class/object expected", NilClass]
[TypeError, "exception class/object expected", NilClass]
[TypeError, "exception class/object expected", NilClass]
[:msg, :cause]
[TypeError, "exception object expected", NilClass]
[TypeError, "exception object expected", NilClass]
