7
7
5
#<struct Point x=5, y=2>
9
9
3
3
"wrong number of arguments (given 0, expected 1)"
"wrong number of arguments (given 0, expected 1)"
"wrong number of arguments (given 0, expected 1)"
"wrong number of arguments (given 0, expected 1)"
"wrong number of arguments (given 2, expected 1)"
"wrong number of arguments (given 2, expected 1)"
"wrong number of arguments (given 2, expected 1)"
"wrong number of arguments (given 2, expected 1)"
7
