"ab"
"AB"
"f!"
1
"r"
"qz"
"gy"
"wx"
"vx"
"new"
"a!"
:done
"b"
"before"
"before!"
target#
fresh
fresh#
fresh
fresh#
lambda
lambda#
lambda
lambda#
"discard"
7
7
7
false
false
discard
nil
discardnil
discard#
target#
fresh
fresh#
fresh
fresh#
lambda
lambda#
lambda
lambda#
"discard"
7
7
7
false
false
discard
nil
discardnil
discard#
a#
a#
a#
a#
