["hi!", -2, ["h", "i", "!", ""]]
["hi!", -1, ["h", "i", "!", ""]]
["hi!", 0, ["h", "i", "!"]]
["hi!", 1, ["hi!"]]
["hi!", 2, ["h", "i!"]]
["hi!", 3, ["h", "i", "!"]]
["hi!", 4, ["h", "i", "!", ""]]
["hi!", 5, ["h", "i", "!", ""]]
["", -2, []]
["", -1, []]
["", 0, []]
["", 1, []]
["", 2, []]
["", 3, []]
["", 4, []]
["", 5, []]
["a", -2, ["a", ""]]
["a", -1, ["a", ""]]
["a", 0, ["a"]]
["a", 1, ["a"]]
["a", 2, ["a", ""]]
["a", 3, ["a", ""]]
["a", 4, ["a", ""]]
["a", 5, ["a", ""]]
["é日", -2, ["é", "日", ""]]
["é日", -1, ["é", "日", ""]]
["é日", 0, ["é", "日"]]
["é日", 1, ["é日"]]
["é日", 2, ["é", "日"]]
["é日", 3, ["é", "日", ""]]
["é日", 4, ["é", "日", ""]]
["é日", 5, ["é", "日", ""]]
["h", "i", "!", ""]
["h", "i", "!", ""]
["a", "b", ""]
["a", "b", ""]
[]
["a", "b", ""]
["a", "b"]
["\u0000", "a", ""]
["\u0000", ""]
["a", "b"]
["a", "b", ""]
["x", ""]
["abc"]
["a", "b"]
