["1, 0", "", "abc"]
["0, 0", "", "abc"]
["3, 0", "", "abc"]
["-1, 0", "", "abc"]
["4, 0", nil, "abc"]
["-4, 0", nil, "abc"]
["1, -1", nil, "abc"]
["1...1", "", "abc"]
["1..0", "", "abc"]
["3..", "", "abc"]
["3..5", "", "abc"]
["2..-3", "", "abc"]
["4..", nil, "abc"]
["0..", "abc", ""]
["-3..", "abc", ""]
["1..", "bc", "a"]
["0...", "abc", ""]
["-4..", nil, "abc"]
["-4...0", nil, "abc"]
["a..", "abc", ""]
["b..", "abc", ""]
["", "", "abc"]
""
"abc"
""
"abc"
""
"héllo wörld"
""
"héllo wörld"
nil
"héllo wörld"
["1, 2", "bc", "a"]
["1..1", "b", "ac"]
["0", "a", "bc"]
["3", nil, "abc"]
["2, 5", "c", "ab"]
