[0, ["hello!", "hello!"]]
[1, ["zz", "zz"]]
[2, ["Qello", "Qello"]]
[3, ["<hello", "<hello"]]
[4, ["hello+-", "hello+-"]]
[5, ["HELLO", "HELLO"]]
[6, ["hello~", "hello~"]]
[7, [true]]
[8, [true]]
[9, [true, true]]
[10, [true]]
[11, [true]]
[12, [true, true]]
[13, [true]]
[14, [true]]
[15, [true, true]]
[16, [true]]
[17, [true]]
[18, [true, true]]
[19, ["hello!", "hello!"]]
[20, ["zz", "zz"]]
[21, ["<hello", "<hello"]]
[22, ["hello+-", "hello+-"]]
[23, ["HELLO", "HELLO"]]
[24, ["hello~", "hello~"]]
[25, [true]]
[26, [true]]
[27, [true, true]]
[28, [true]]
[29, [true]]
[30, [true, true]]
[31, [true]]
[32, [true]]
[33, [true, true]]
[34, [true]]
[35, [true]]
[36, [true, true]]
[37, [true]]
[38, [true]]
[39, [true, true]]
[40, ["hello!", "hello!"]]
[41, ["zz", "zz"]]
[42, ["<hello", "<hello"]]
[43, ["hello+-", "hello+-"]]
[44, ["HELLO", "HELLO"]]
[45, ["hello~", "hello~"]]
[46, [true]]
[47, [true]]
[48, [true, true]]
[49, ["hello~", "hello~"]]
[50, [true]]
[51, [true]]
[52, [true, true]]
[53, ["hello!", "hello!"]]
[54, ["zz", "zz"]]
[55, ["<hello", "<hello"]]
[56, ["hello+-", "hello+-"]]
[57, ["HELLO", "HELLO"]]
[58, ["hello~", "hello~"]]
[59, [true]]
[60, [true]]
[61, [true, true]]
[62, ["hello~", "hello~"]]
[63, [true]]
[64, [true]]
[65, [true, true]]
[66, ["hello~", "hello~"]]
[67, [true]]
[68, [true]]
[69, [true, true]]
[70, "hello"]
[71, ["hello", "hello"]]
[72, ["hello!", ["hello!"]]]
[73, ["hello!", ["hello!"]]]
[74, "hello!"]
[75, "w"]
[76, "hello!"]
[77, "hello!"]
[78, "hello!"]
[79, :raised, FrozenError]
[80, ["hello", "hello!"]]
[81, ["hello!", "hello!", true]]
[82, [true, false]]
[83, ["hello!", ["hello!", "hello!"]]]
[84, ["hello!", "hello!"]]
[85, [true, true]]
[86, [true, true]]
[87, [true, true]]
[88, [true, true]]
[89, [true, true]]
[90, ["e2!", "e2!"]]
[91, [true, true]]
[92, ["e0!", "e0!"]]
[93, [true, true]]
[94, [true, true]]
[95, [true, true]]
[96, ["e0!", "e0!"]]
[97, [true, true]]
[98, [true, true]]
[99, [true, true]]
[100, [true, true]]
[101, ["e0!", "e0!"]]
[102, [true, true]]
[103, :raised, FrozenError]
[104, [true, true]]
[105, ["hello!", "hello!"]]
[106, [true, true]]
[107, [true, true]]
[108, [true, true]]
