[:half, 10]
[:neg_half, 10]
[:one9, 20]
[:neg19, 20]
[:whole, 20]
[:big, IndexError, "offset 5 too large for struct(size:2)"]
[:small, IndexError, "offset -5 too small for struct(size:2)"]
[:dig, 10]
[:dig_second, 20]
[:dig_nested, 2]
[:dig_out, nil]
[:set, 99]
[:set_zero, 5]
[:set_big, IndexError, "offset 5 too large for struct(size:2)"]
[:set_small, IndexError, "offset -5 too small for struct(size:2)"]
[:values_at, [5, 99]]
[:var, 99]
[:var_set, 7]
[:elem, 7]
[:sub, 7]
[:kw, 2]
[:dig_chain, 2]
[:dig_chain0, 2]
[:dig_chain_out, nil]
[:dig_array, 6]
2.5
"str"
:sym
[1]
[[Float, 3]]
1
2
[:edge_hi, IndexError, "offset 2147483647 too large for struct(size:2)"]
[:edge_lo, IndexError, "offset -2147483648 too small for struct(size:2)"]
[:values_edge, IndexError, "offset 2147483647 too large for struct(size:2)"]
