"No such file or directory"
"No such file or directory - x"
"Permission denied"
2
Errno::ENOENT
true
true
"No such file or directory"
"No such file or directory"
"No such file or directory - "
"unknown error - x"
"No such file or directory - x"
Errno::ENOENT
"Permission denied"
13
"Permission denied"
"Permission denied - f"
"Permission denied"
"Permission denied - g"
13
"unknown error - h"
2
"IOError"
"m"
