[1, "z"]
[1, 2.5]
[1.5, "z"]
[1.5, 2]
["a", 7]
int<<str held: TypeError: cannot store String into an Array[Integer]: a typed array holds one kind of element
[1]
["a", nil]
[]=: TypeError: cannot store String into an Array[Integer]: a typed array holds one kind of element
[0, 0]
[nil, 0]
push: TypeError: cannot store String into an Array[Integer]: a typed array holds one kind of element
[]
[2, 2]
unshift: TypeError: cannot store String into an Array[Integer]: a typed array holds one kind of element
[]
insert: TypeError: cannot store String into an Array[Integer]: a typed array holds one kind of element
[]
concat: TypeError: cannot store String into an Array[Integer]: a typed array holds one kind of element
[1]
fill: TypeError: cannot store String into an Array[Integer]: a typed array holds one kind of element
[0, 0]
method push: TypeError: cannot store String into an Array[Integer]: a typed array holds one kind of element
[1, 2]
[1, 2, 3]
