[:up, NameError, "undefined local variable or method 'dir' for an instance of U"]
[:subs, NameError, "undefined local variable or method 'dir' for an instance of U"]
[:splits, NameError, "undefined local variable or method 'dir' for an instance of U"]
[:size, NameError, "undefined local variable or method 'dir' for an instance of U"]
[:starts, NameError, "undefined local variable or method 'dir' for an instance of U"]
[:chained, NameError, "undefined local variable or method 'dir' for an instance of U"]
[:parens, NameError, "undefined local variable or method 'dir' for an instance of U"]
[:cond, NameError, "undefined local variable or method 'dir' for an instance of U"]
[:interp, NameError, "undefined local variable or method 'dir' for an instance of U"]
[:each_block, NameError, "undefined local variable or method 'dir' for an instance of U"]
[:statement, NameError, "undefined local variable or method 'dir' for an instance of U"]
[:safe, NameError, "undefined local variable or method 'dir' for an instance of U"]
[:top, NameError, "undefined local variable or method 'zork' for main"]
[:value, "undefined local variable or method 'dir' for an instance of U"]
