"no keywords accepted"
"no keywords accepted"
[1]
"no keywords accepted"
"no keywords accepted"
[1]
"no keywords accepted"
"no keywords accepted"
[nil, [2, 3], 4]
"no keywords accepted"
"no keywords accepted"
"no keywords accepted"
[1]
"no keywords accepted"
[1]
"no keywords accepted"
1
"no keywords accepted"
"wrong number of arguments (given 1, expected 2)"
