"\x04\b[\ao:\nRange\b:\texclF:\nbeginI\"\akx\x06:\x06ET:\bend@\a@\a"
"\x04\b[\aI\"\akx\x06:\x06ETo:\nRange\b:\texclF:\nbegin@\x06:\bend@\x06"
"\x04\bo:\nRange\b:\texclF:\nbeginI\"\akx\x06:\x06ET:\bend@\x06"
true
true
true
"\x04\b[\bI\"\bzzy\x06:\x06ETo:\nRange\b:\texclF:\nbegin@\x06:\bendI\"\bzzz\x06;\x00T@\b"
"\x04\b[\bo:\nRange\b:\texclT:\nbeginI\"\amm\x06:\x06ET:\bendI\"\ann\x06;\bT@\b@\a"
true
true
false
