[:idx, "e0!", "e1", true]
[:neg, "e0", "e1!", true]
[:sym, "e0!", "e1", true]
[:str, "e0", "e1!", true]
[:dig_sym, "e0!", "e1", true]
[:dig_int, "e0", "e1!", true]
[:entries, "e0!", "e1", true]
[:to_a, "e0", "e1!", true]
[:first, "e0!", "e1", true]
[:min, "e0!", "e1", true]
[:max, "e0", "e1!", true]
[:minmax, "e0", "e1!", true]
[:sort, "e0!", "e1", true]
[:zip, "e0!", "e1", true]
[:each_slice, "e0", "e1!", true]
[:map, "e0!", "e1", true]
[:inject, "e0!", "e1", true]
["x0~", true]
["a0!?#", true, true, true]
