["sZb", "sZb", false, false, #<Encoding:UTF-8>, #<Encoding:UTF-8>]
["ab", "ab", false, false, #<Encoding:UTF-8>, #<Encoding:UTF-8>]
["sab8", "sab8", false, false, #<Encoding:UTF-8>, #<Encoding:UTF-8>]
["sab", "sab", true, true, #<Encoding:UTF-8>, #<Encoding:UTF-8>]
["sab", "sab", false, false, #<Encoding:BINARY (ASCII-8BIT)>, #<Encoding:BINARY (ASCII-8BIT)>]
["sab", "sab", false, false, #<Encoding:UTF-8>, #<Encoding:UTF-8>]
["sab", "sab", false, false, #<Encoding:UTF-8>, #<Encoding:UTF-8>]
["s1", "s1", "s1"]
["s2", "s2", "s2"]
["sZb", "sZb", false, false, #<Encoding:UTF-8>, #<Encoding:UTF-8>]
["ab", "ab", false, false, #<Encoding:UTF-8>, #<Encoding:UTF-8>]
["sab8", "sab8", false, false, #<Encoding:UTF-8>, #<Encoding:UTF-8>]
["sab", "sab", true, true, #<Encoding:UTF-8>, #<Encoding:UTF-8>]
["sab", "sab", false, false, #<Encoding:BINARY (ASCII-8BIT)>, #<Encoding:BINARY (ASCII-8BIT)>]
["sab", "sab", false, false, #<Encoding:UTF-8>, #<Encoding:UTF-8>]
["sab", "sab", false, false, #<Encoding:UTF-8>, #<Encoding:UTF-8>]
["s1", "s1", "s1"]
["s2", "s2", "s2"]
["sZb", "sZb", false, false, #<Encoding:UTF-8>, #<Encoding:UTF-8>]
["ab", "ab", false, false, #<Encoding:UTF-8>, #<Encoding:UTF-8>]
["sab8", "sab8", false, false, #<Encoding:UTF-8>, #<Encoding:UTF-8>]
["sab", "sab", true, true, #<Encoding:UTF-8>, #<Encoding:UTF-8>]
["sab", "sab", false, false, #<Encoding:BINARY (ASCII-8BIT)>, #<Encoding:BINARY (ASCII-8BIT)>]
["sab", "sab", false, false, #<Encoding:UTF-8>, #<Encoding:UTF-8>]
["sab", "sab", false, false, #<Encoding:UTF-8>, #<Encoding:UTF-8>]
["s1", "s1", "s1"]
["s2", "s2", "s2"]
