"H"
"F"
"f"
"G"
"G"
"g"
"B!"
"B?"
"B"
false
"C1"
"C2"
"C"
false
false
"D"
"D"
true
true
"B!"
"B"
false
true
false
false
false
true
true
false
true
"B"
"B"
"m"
"#<B: B>"
"B"
"#<B: B>"
true
"Late!"
"Late"
"Late"
"#<Late: Late>"
"Late?"
"Late"
false
false
false
false
"Named2"
"Named2"
"RaiseFoo"
false
"x"
"RaiseFoo"
"RaiseFoo"
"x"
