[true, true, true, true]
["s!?", "s!?"]
["s12", "s12"]
["S!", "S!"]
["s!?", "s!?", "s!?"]
["sab1", "sab1", ["SAB", 3, [115, 97, 98], ["s", "a", "b"], true]]
[nil, "s"]
["s!", "s!", "s!"]
[true, true, true, true]
["s!?", "s!?"]
["s12", "s12"]
["S!", "S!"]
["s!?", "s!?", "s!?"]
["sab1", "sab1", ["SAB", 3, [115, 97, 98], ["s", "a", "b"], true]]
[nil, "s"]
["s!", "s!", "s!"]
[true, true, true, true]
["s!?", "s!?"]
["s12", "s12"]
["S!", "S!"]
["s!?", "s!?", "s!?"]
["sab1", "sab1", ["SAB", 3, [115, 97, 98], ["s", "a", "b"], true]]
[nil, "s"]
["s!", "s!", "s!"]
["s!", true, true, true]
[true, true]
["s12", "s12"]
["s!", true, true, true]
[true, true]
["s12", "s12"]
["s!", true, true, true]
[true, true]
["s12", "s12"]
