["lit!", "lit!", true]
["lit?", "lit?"]
["lit!", "lit!"]
["s1", "s1", "s1"]
["lit!", "lit!", true]
["lit?", "lit?"]
["lit!", "lit!"]
["s1", "s1", "s1"]
["lit!", "lit!", true]
["lit?", "lit?"]
["lit!", "lit!"]
["s1", "s1", "s1"]
["lit!", "lit!", true]
["lit?", "lit?"]
["lit!", "lit!"]
["s1", "s1", "s1"]
["lit!", "lit!", true]
["lit?", "lit?"]
["lit!", "lit!"]
["s1", "s1", "s1"]
["lit!", "lit!", true]
["lit?", "lit?"]
["lit!", "lit!"]
["s1", "s1", "s1"]
["litw!", "litw!", true]
["litw?", "litw?"]
["litw!", "litw!"]
["sw1", "sw1", "sw1"]
["LIT!", "LIT!", true]
["LIT?", "LIT?"]
["LIT!", "LIT!"]
["S1", "S1", "S1"]
