spinel: test/share/refuse/route_safe_nav_conversion.rb:6: under --share-strings, the share analysis does not follow this route, so it cannot prove that no other name sees the copy: a String a method returns as its parameter is mutated in place, or the variable passed in is (a String is not yet shared by reference through a method returning its parameter). Mutate and read the String through the variable passed in.
